
Allocating common symbols
Common symbol       size              file

krnl_tcb            0x11d0            condvar.o
last_free           0x4               eth_enc28j60.o
krnl_heap           0x7a120           condvar.o
krnl_current_task   0x2               condvar.o
krnl_task           0x4               condvar.o
krnl_event_queue    0x4               condvar.o
first_free          0x4               eth_enc28j60.o
krnl_tasks          0x2               condvar.o
krnl_tarefas_aper   0x4               condvar.o
krnl_pcb            0x18              condvar.o
krnl_free           0x4               condvar.o
krnl_run_queue      0x4               condvar.o
krnl_rt_queue       0x4               condvar.o
krnl_schedule       0x2               condvar.o
krnl_delay_queue    0x4               condvar.o

Discarded input sections

 .text          0x0000000000000000        0x0 condvar.o
 .data          0x0000000000000000        0x0 condvar.o
 .bss           0x0000000000000000        0x0 condvar.o
 .pdr           0x0000000000000000       0xa0 condvar.o
 .text.hf_condinit
                0x0000000000000000       0x68 condvar.o
 .text.hf_conddestroy
                0x0000000000000000       0x60 condvar.o
 .text.hf_condwait
                0x0000000000000000       0xe0 condvar.o
 .text.hf_condsignal
                0x0000000000000000       0x48 condvar.o
 .text.hf_condbroadcast
                0x0000000000000000       0x70 condvar.o
 .text          0x0000000000000000        0x0 crc.o
 .data          0x0000000000000000        0x0 crc.o
 .bss           0x0000000000000000        0x0 crc.o
 .reginfo       0x0000000000000000       0x18 crc.o
 .pdr           0x0000000000000000       0x60 crc.o
 .mdebug.abi32  0x0000000000000000        0x0 crc.o
 .text.crc16    0x0000000000000000       0x64 crc.o
 .text.crc32    0x0000000000000000       0x50 crc.o
 .text.crc64    0x0000000000000000       0x78 crc.o
 .comment       0x0000000000000000       0x12 crc.o
 .gnu.attributes
                0x0000000000000000       0x10 crc.o
 .data          0x0000000000000000        0x0 crt0.o
 .bss           0x0000000000000000        0x0 crt0.o
 .reginfo       0x0000000000000000       0x18 crt0.o
 .pdr           0x0000000000000000       0xc0 crt0.o
 .text          0x0000000000000000        0x0 eth_enc28j60.o
 .data          0x0000000000000000        0x0 eth_enc28j60.o
 .bss           0x0000000000000000        0x0 eth_enc28j60.o
 .reginfo       0x0000000000000000       0x18 eth_enc28j60.o
 .text          0x0000000000000000        0x0 hal.o
 .data          0x0000000000000000        0x0 hal.o
 .bss           0x0000000000000000        0x0 hal.o
 .reginfo       0x0000000000000000       0x18 hal.o
 .pdr           0x0000000000000000      0x320 hal.o
 .text.kbhit    0x0000000000000000       0x10 hal.o
 .text.getchar  0x0000000000000000       0x20 hal.o
 .text.delay_ms
                0x0000000000000000      0x124 hal.o
 .text.delay_us
                0x0000000000000000      0x124 hal.o
 .text.led_set  0x0000000000000000        0x8 hal.o
 .text.button_get
                0x0000000000000000        0x8 hal.o
 .text.switch_get
                0x0000000000000000        0x8 hal.o
 .text._get_task_tp
                0x0000000000000000       0x2c hal.o
 .text._cpu_idle
                0x0000000000000000        0x8 hal.o
 .text._readcounter
                0x0000000000000000       0x10 hal.o
 .text          0x0000000000000000        0x0 interrupt.o
 .data          0x0000000000000000        0x0 interrupt.o
 .bss           0x0000000000000000        0x0 interrupt.o
 .reginfo       0x0000000000000000       0x18 interrupt.o
 .pdr           0x0000000000000000       0xa0 interrupt.o
 .text._irq_mask_set
                0x0000000000000000       0x18 interrupt.o
 .text._irq_mask_clr
                0x0000000000000000       0x1c interrupt.o
 .text._exception_handler
                0x0000000000000000        0x8 interrupt.o
 .text          0x0000000000000000        0x0 kprintf.o
 .data          0x0000000000000000        0x0 kprintf.o
 .bss           0x0000000000000000        0x0 kprintf.o
 .reginfo       0x0000000000000000       0x18 kprintf.o
 .pdr           0x0000000000000000       0x60 kprintf.o
 .text          0x0000000000000000        0x0 libc.o
 .data          0x0000000000000000        0x0 libc.o
 .bss           0x0000000000000000        0x0 libc.o
 .reginfo       0x0000000000000000       0x18 libc.o
 .pdr           0x0000000000000000      0x660 libc.o
 .text.strcpy   0x0000000000000000       0x24 libc.o
 .text.strcat   0x0000000000000000       0x3c libc.o
 .text.strncat  0x0000000000000000       0x60 libc.o
 .text.strcmp   0x0000000000000000       0x34 libc.o
 .text.strncmp  0x0000000000000000       0x40 libc.o
 .text.strstr   0x0000000000000000       0x64 libc.o
 .text.strlen   0x0000000000000000       0x2c libc.o
 .text.strchr   0x0000000000000000       0x30 libc.o
 .text.strpbrk  0x0000000000000000       0x60 libc.o
 .text.strsep   0x0000000000000000       0x80 libc.o
 .text.strtok   0x0000000000000000       0xa8 libc.o
 .text.memcpy   0x0000000000000000       0x2c libc.o
 .text.memmove  0x0000000000000000       0x70 libc.o
 .text.memcmp   0x0000000000000000       0x5c libc.o
 .text.strtol   0x0000000000000000      0x110 libc.o
 .text.atoi     0x0000000000000000       0xc4 libc.o
 .text.itoa     0x0000000000000000      0x124 libc.o
 .text.puts     0x0000000000000000       0x4c libc.o
 .text.gets     0x0000000000000000       0x74 libc.o
 .text.abs      0x0000000000000000       0x10 libc.o
 .text.random   0x0000000000000000       0x54 libc.o
 .text.srand    0x0000000000000000        0xc libc.o
 .text.hexdump  0x0000000000000000      0x154 libc.o
 .text.sprintf  0x0000000000000000       0x34 libc.o
 .text.malloc   0x0000000000000000        0x8 libc.o
 .text.free     0x0000000000000000        0x8 libc.o
 .text.calloc   0x0000000000000000        0x8 libc.o
 .text.realloc  0x0000000000000000        0x8 libc.o
 .text.__mulsi3
                0x0000000000000000       0x28 libc.o
 .text.__muldsi3
                0x0000000000000000       0xc4 libc.o
 .text.__muldi3
                0x0000000000000000       0xa8 libc.o
 .text.__ashldi3
                0x0000000000000000       0x44 libc.o
 .text.__ashrdi3
                0x0000000000000000       0x3c libc.o
 .text.__lshrdi3
                0x0000000000000000       0x40 libc.o
 .text.__umoddi3
                0x0000000000000000       0x28 libc.o
 .text.__moddi3
                0x0000000000000000       0xb0 libc.o
 .text.__divdi3
                0x0000000000000000       0x78 libc.o
 .bss.last.1097
                0x0000000000000000        0x4 libc.o
 .data.rand1    0x0000000000000000        0x4 libc.o
 .text          0x0000000000000000        0x0 list.o
 .data          0x0000000000000000        0x0 list.o
 .bss           0x0000000000000000        0x0 list.o
 .reginfo       0x0000000000000000       0x18 list.o
 .pdr           0x0000000000000000       0xe0 list.o
 .mdebug.abi32  0x0000000000000000        0x0 list.o
 .text.hf_list_init
                0x0000000000000000       0x2c list.o
 .text.hf_list_append
                0x0000000000000000       0x60 list.o
 .text.hf_list_insert
                0x0000000000000000       0x88 list.o
 .text.hf_list_remove
                0x0000000000000000       0x5c list.o
 .text.hf_list_get
                0x0000000000000000       0x2c list.o
 .text.hf_list_set
                0x0000000000000000       0x30 list.o
 .text.hf_list_count
                0x0000000000000000       0x20 list.o
 .comment       0x0000000000000000       0x12 list.o
 .gnu.attributes
                0x0000000000000000       0x10 list.o
 .scommon       0x0000000000000000        0x0 list.o
 .text          0x0000000000000000        0x0 main.o
 .data          0x0000000000000000        0x0 main.o
 .bss           0x0000000000000000        0x0 main.o
 .reginfo       0x0000000000000000       0x18 main.o
 .pdr           0x0000000000000000       0x40 main.o
 .text          0x0000000000000000        0x0 malloc.o
 .data          0x0000000000000000        0x0 malloc.o
 .bss           0x0000000000000000        0x0 malloc.o
 .reginfo       0x0000000000000000       0x18 malloc.o
 .pdr           0x0000000000000000       0xa0 malloc.o
 .text.hf_calloc
                0x0000000000000000       0x5c malloc.o
 .text.hf_realloc
                0x0000000000000000       0x8c malloc.o
 .text          0x0000000000000000        0x0 math.o
 .data          0x0000000000000000        0x0 math.o
 .bss           0x0000000000000000        0x0 math.o
 .reginfo       0x0000000000000000       0x18 math.o
 .pdr           0x0000000000000000        0x0 math.o
 .mdebug.abi32  0x0000000000000000        0x0 math.o
 .comment       0x0000000000000000       0x12 math.o
 .gnu.attributes
                0x0000000000000000       0x10 math.o
 .text          0x0000000000000000        0x0 mutex.o
 .data          0x0000000000000000        0x0 mutex.o
 .bss           0x0000000000000000        0x0 mutex.o
 .reginfo       0x0000000000000000       0x18 mutex.o
 .pdr           0x0000000000000000       0x60 mutex.o
 .text          0x0000000000000000        0x0 panic.o
 .data          0x0000000000000000        0x0 panic.o
 .bss           0x0000000000000000        0x0 panic.o
 .reginfo       0x0000000000000000       0x18 panic.o
 .pdr           0x0000000000000000       0x20 panic.o
 .text          0x0000000000000000        0x0 processor.o
 .data          0x0000000000000000        0x0 processor.o
 .bss           0x0000000000000000        0x0 processor.o
 .reginfo       0x0000000000000000       0x18 processor.o
 .pdr           0x0000000000000000       0xa0 processor.o
 .text.hf_freecpu
                0x0000000000000000       0xd4 processor.o
 .text.hf_cpuload
                0x0000000000000000      0x110 processor.o
 .text.hf_freemem
                0x0000000000000000       0x34 processor.o
 .text.hf_ticktime
                0x0000000000000000       0x34 processor.o
 .text          0x0000000000000000        0x0 queue.o
 .data          0x0000000000000000        0x0 queue.o
 .bss           0x0000000000000000        0x0 queue.o
 .reginfo       0x0000000000000000       0x18 queue.o
 .pdr           0x0000000000000000      0x120 queue.o
 .text.hf_queue_destroy
                0x0000000000000000       0x44 queue.o
 .text.hf_queue_remtail
                0x0000000000000000       0x6c queue.o
 .text.hf_queue_set
                0x0000000000000000       0x74 queue.o
 .text          0x0000000000000000        0x0 sched_test2.o
 .data          0x0000000000000000        0x0 sched_test2.o
 .bss           0x0000000000000000        0x0 sched_test2.o
 .reginfo       0x0000000000000000       0x18 sched_test2.o
 .pdr           0x0000000000000000       0x40 sched_test2.o
 .text          0x0000000000000000        0x0 scheduler.o
 .data          0x0000000000000000        0x0 scheduler.o
 .bss           0x0000000000000000        0x0 scheduler.o
 .reginfo       0x0000000000000000       0x18 scheduler.o
 .pdr           0x0000000000000000       0xc0 scheduler.o
 .text.sched_rr
                0x0000000000000000       0x74 scheduler.o
 .text.sched_lottery
                0x0000000000000000       0xc4 scheduler.o
 .text          0x0000000000000000        0x0 semaphore.o
 .data          0x0000000000000000        0x0 semaphore.o
 .bss           0x0000000000000000        0x0 semaphore.o
 .reginfo       0x0000000000000000       0x18 semaphore.o
 .pdr           0x0000000000000000       0x80 semaphore.o
 .mdebug.abi32  0x0000000000000000        0x0 semaphore.o
 .text.hf_seminit
                0x0000000000000000       0x84 semaphore.o
 .text.hf_semdestroy
                0x0000000000000000       0x60 semaphore.o
 .text.hf_semwait
                0x0000000000000000       0xb0 semaphore.o
 .text.hf_sempost
                0x0000000000000000       0x84 semaphore.o
 .comment       0x0000000000000000       0x12 semaphore.o
 .gnu.attributes
                0x0000000000000000       0x10 semaphore.o
 .scommon       0x0000000000000000        0x0 semaphore.o
 .text          0x0000000000000000        0x0 task.o
 .data          0x0000000000000000        0x0 task.o
 .bss           0x0000000000000000        0x0 task.o
 .reginfo       0x0000000000000000       0x18 task.o
 .pdr           0x0000000000000000      0x1e0 task.o
 .text.hf_id    0x0000000000000000       0xe0 task.o
 .text.hf_name  0x0000000000000000       0x70 task.o
 .text.hf_state
                0x0000000000000000       0x70 task.o
 .text.hf_priorityset
                0x0000000000000000       0x90 task.o
 .text.hf_priorityget
                0x0000000000000000       0x7c task.o
 .text.hf_block
                0x0000000000000000      0x16c task.o
 .text.hf_resume
                0x0000000000000000      0x170 task.o
 .text.hf_kill  0x0000000000000000      0x364 task.o
 .text.hf_delay
                0x0000000000000000      0x344 task.o

Memory Configuration

Name             Origin             Length             Attributes
rom              0x0000000000000000 0x0000000010000000
ram              0x0000000040000000 0x0000000010000000
ram_top          0x000000004ffffc00 0x0000000000000400
*default*        0x0000000000000000 0xffffffffffffffff

Linker script and memory map

                0x000000004ffffffc                _stack = 0x4ffffffc
                0x0000000000000000                . = 0x0

.text           0x0000000040000000     0x2efc
 *(.text.init)
                0x0000000040000000                _text = .
 *(.text)
 .text          0x0000000040000000      0x2e4 crt0.o
                0x0000000040000000                _entry
                0x0000000040000100                _isr
                0x0000000040000208                _interrupt_set
                0x0000000040000220                setjmp
                0x000000004000025c                longjmp
                0x0000000040000298                _restoreexec
 *(.text.*)
 .text.putchar  0x00000000400002e4       0x20 hal.o
                0x00000000400002e4                putchar
 .text.dputchar
                0x0000000040000304       0x10 hal.o
                0x0000000040000304                dputchar
 .text._hardware_init
                0x0000000040000314        0x8 hal.o
                0x0000000040000314                _hardware_init
 .text._vm_init
                0x000000004000031c       0x30 hal.o
                0x000000004000031c                _vm_init
 .text._sched_init
                0x000000004000034c        0xc hal.o
                0x000000004000034c                _sched_init
 .text._timer_init
                0x0000000040000358       0x50 hal.o
                0x0000000040000358                _timer_init
 .text._irq_init
                0x00000000400003a8        0xc hal.o
                0x00000000400003a8                _irq_init
 .text._device_init
                0x00000000400003b4        0xc hal.o
                0x00000000400003b4                _device_init
 .text._task_init
                0x00000000400003c0        0xc hal.o
                0x00000000400003c0                _task_init
 .text._set_task_sp
                0x00000000400003cc       0x2c hal.o
                0x00000000400003cc                _set_task_sp
 .text._get_task_sp
                0x00000000400003f8       0x2c hal.o
                0x00000000400003f8                _get_task_sp
 .text._set_task_tp
                0x0000000040000424       0x2c hal.o
                0x0000000040000424                _set_task_tp
 .text._read_us
                0x0000000040000450       0x90 hal.o
                0x0000000040000450                _read_us
 .text._timer_reset
                0x00000000400004e0       0x4c hal.o
                0x00000000400004e0                _timer_reset
 .text._panic   0x000000004000052c       0x10 hal.o
                0x000000004000052c                _panic
 .text._irq_register
                0x000000004000053c       0x38 interrupt.o
                0x000000004000053c                _irq_register
 .text._irq_handler
                0x0000000040000574       0x90 interrupt.o
                0x0000000040000574                _irq_handler
 .text.kitoa.part.0
                0x0000000040000604      0x194 kprintf.o
 .text.kprintf  0x0000000040000798      0x1f4 kprintf.o
                0x0000000040000798                kprintf
 .text.dprintf  0x000000004000098c      0x20c kprintf.o
                0x000000004000098c                dprintf
 .text.printchar
                0x0000000040000b98       0x28 libc.o
 .text.prints   0x0000000040000bc0      0x124 libc.o
 .text.printi   0x0000000040000ce4      0x184 libc.o
 .text.print    0x0000000040000e68      0x2a4 libc.o
 .text.strncpy  0x000000004000110c       0x78 libc.o
                0x000000004000110c                strncpy
 .text.memset   0x0000000040001184       0x28 libc.o
                0x0000000040001184                memset
 .text.printf   0x00000000400011ac       0x3c libc.o
                0x00000000400011ac                printf
 .text.__udivmodsi4
                0x00000000400011e8       0x88 libc.o
                0x00000000400011e8                __udivmodsi4
 .text.__divsi3
                0x0000000040001270       0x54 libc.o
                0x0000000040001270                __divsi3
 .text.__modsi3
                0x00000000400012c4       0x50 libc.o
                0x00000000400012c4                __modsi3
 .text.__udivsi3
                0x0000000040001314        0x8 libc.o
                0x0000000040001314                __udivsi3
 .text.__umodsi3
                0x000000004000131c        0x8 libc.o
                0x000000004000131c                __umodsi3
 .text.__udivmoddi4
                0x0000000040001324      0x134 libc.o
                0x0000000040001324                __udivmoddi4
 .text.__udivdi3
                0x0000000040001458       0x1c libc.o
                0x0000000040001458                __udivdi3
 .text.escalonadorAperiodico
                0x0000000040001474      0x1b4 main.o
 .text.startup.main
                0x0000000040001628      0x318 main.o
                0x0000000040001628                main
 .text.hf_free  0x0000000040001940       0x6c malloc.o
                0x0000000040001940                hf_free
 .text.hf_malloc
                0x00000000400019ac      0x12c malloc.o
                0x00000000400019ac                hf_malloc
 .text.heapinit
                0x0000000040001ad8       0x54 malloc.o
                0x0000000040001ad8                heapinit
 .text.hf_mtxinit
                0x0000000040001b2c        0xc mutex.o
                0x0000000040001b2c                hf_mtxinit
 .text.hf_mtxlock
                0x0000000040001b38       0x58 mutex.o
                0x0000000040001b38                hf_mtxlock
 .text.hf_mtxunlock
                0x0000000040001b90        0xc mutex.o
                0x0000000040001b90                hf_mtxunlock
 .text.panic    0x0000000040001b9c      0x1a4 panic.o
                0x0000000040001b9c                panic
 .text.hf_schedlock
                0x0000000040001d40       0x40 processor.o
                0x0000000040001d40                hf_schedlock
 .text.hf_queue_create
                0x0000000040001d80       0x70 queue.o
                0x0000000040001d80                hf_queue_create
 .text.hf_queue_count
                0x0000000040001df0        0x8 queue.o
                0x0000000040001df0                hf_queue_count
 .text.hf_queue_addtail
                0x0000000040001df8       0x88 queue.o
                0x0000000040001df8                hf_queue_addtail
 .text.hf_queue_remhead
                0x0000000040001e80       0x6c queue.o
                0x0000000040001e80                hf_queue_remhead
 .text.hf_queue_get
                0x0000000040001eec       0x64 queue.o
                0x0000000040001eec                hf_queue_get
 .text.hf_queue_swap
                0x0000000040001f50       0xbc queue.o
                0x0000000040001f50                hf_queue_swap
 .text.task     0x000000004000200c       0x84 sched_test2.o
                0x000000004000200c                task
 .text.app_main
                0x0000000040002090       0xbc sched_test2.o
                0x0000000040002090                app_main
 .text.run_queue_next
                0x000000004000214c       0x70 scheduler.o
 .text.dispatch_isr
                0x00000000400021bc      0x2b4 scheduler.o
                0x00000000400021bc                dispatch_isr
 .text.sched_priorityrr
                0x0000000040002470      0x16c scheduler.o
                0x0000000040002470                sched_priorityrr
 .text.sched_rma
                0x00000000400025dc      0x248 scheduler.o
                0x00000000400025dc                sched_rma
 .text.hf_selfid
                0x0000000040002824       0x38 task.o
                0x0000000040002824                hf_selfid
 .text.hf_selfname
                0x000000004000285c       0x38 task.o
                0x000000004000285c                hf_selfname
 .text.hf_jobs  0x0000000040002894       0x8c task.o
                0x0000000040002894                hf_jobs
 .text.hf_dlm   0x0000000040002920       0x70 task.o
                0x0000000040002920                hf_dlm
 .text.hf_spawn
                0x0000000040002990      0x38c task.o
                0x0000000040002990                hf_spawn
 .text.hf_yield
                0x0000000040002d1c      0x1e0 task.o
                0x0000000040002d1c                hf_yield
                0x0000000040002efc                _etext = .

.rodata         0x0000000040002efc      0x8a8
                0x0000000040002efc                _rodata = .
 *(.rodata)
 *(.rodata.*)
 .rodata.str1.4
                0x0000000040002efc       0x7b hal.o
                                         0x7c (size before relaxing)
 *fill*         0x0000000040002f77        0x1 
 .rodata.str1.4
                0x0000000040002f78        0xa interrupt.o
                                          0xc (size before relaxing)
 *fill*         0x0000000040002f82        0x2 
 .rodata.str1.4
                0x0000000040002f84       0x1f kprintf.o
                                         0x20 (size before relaxing)
 *fill*         0x0000000040002fa3        0x1 
 .rodata.str1.4
                0x0000000040002fa4       0x5b libc.o
                                         0x64 (size before relaxing)
 *fill*         0x0000000040002fff        0x1 
 .rodata.print  0x0000000040003000       0x84 libc.o
 .rodata.str1.4
                0x0000000040003084      0x1a0 main.o
 .rodata.str1.4
                0x0000000040003224      0x1bc panic.o
 .rodata.panic  0x00000000400033e0       0x3c panic.o
 .rodata.str1.4
                0x000000004000341c       0x62 processor.o
                                         0x64 (size before relaxing)
 *fill*         0x000000004000347e        0x2 
 .rodata.str1.4
                0x0000000040003480       0x33 sched_test2.o
                                         0x34 (size before relaxing)
 *fill*         0x00000000400034b3        0x1 
 .rodata.str1.4
                0x00000000400034b4       0x21 scheduler.o
                                         0x24 (size before relaxing)
 *fill*         0x00000000400034d5        0x3 
 .rodata.str1.4
                0x00000000400034d8      0x2cc task.o
                                        0x2e0 (size before relaxing)
                0x00000000400037a4                _erodata = .

.data           0x00000000400037a4        0xc
                0x00000000400037a4                _data = .
 *(.data)
 *(.data.*)
 .data.oops.1155
                0x00000000400037a4        0x4 main.o
                0x000000004000b798                _gp = (. + 0x7ff0)
 *(.sdata)
 *(.sdata.*)
                0x00000000400037b0                . = ALIGN (0x10)
 *fill*         0x00000000400037a8        0x8 
                0x00000000400037b0                _edata = .

.bss            0x00000000400037b0    0x7b3c4
                0x00000000400037b0                _bss_start = .
 *(.sbss)
 *(.sbss.*)
 *(.bss)
 *(.bss.*)
 .bss.timecount.1293
                0x00000000400037b0        0x4 hal.o
 .bss.lastcount.1294
                0x00000000400037b4        0x4 hal.o
 .bss.tref.1307
                0x00000000400037b8        0x4 hal.o
 .bss.tval2.1306
                0x00000000400037bc        0x4 hal.o
 .bss.timeref.1305
                0x00000000400037c0        0x8 hal.o
 .bss.isr       0x00000000400037c8       0x80 interrupt.o
 .bss.buf.979   0x0000000040003848       0x20 kprintf.o
 .bss.krnl_malloc
                0x0000000040003868        0x4 malloc.o
                0x000000004000386c                . = ALIGN (0x4)
                0x000000004000386c                _bss_end = .
 COMMON         0x000000004000386c    0x7b308 condvar.o
                0x000000004000386c                krnl_tcb
                0x0000000040004a3c                krnl_heap
                0x000000004007eb5c                krnl_pcb
                0x000000004007eb74                _end = .
LOAD condvar.o
LOAD crc.o
LOAD crt0.o
LOAD eth_enc28j60.o
LOAD hal.o
LOAD interrupt.o
LOAD kprintf.o
LOAD libc.o
LOAD list.o
LOAD main.o
LOAD malloc.o
LOAD math.o
LOAD mutex.o
LOAD panic.o
LOAD processor.o
LOAD queue.o
LOAD sched_test2.o
LOAD scheduler.o
LOAD semaphore.o
LOAD task.o
OUTPUT(image.elf elf32-bigmips)

.scommon        0x000000004007eb74       0x30
 .scommon       0x000000004007eb74       0x28 condvar.o
                0x000000004007eb74                krnl_current_task
                0x000000004007eb78                krnl_task
                0x000000004007eb7c                krnl_event_queue
                0x000000004007eb80                krnl_tasks
                0x000000004007eb84                krnl_tarefas_aper
                0x000000004007eb88                krnl_free
                0x000000004007eb8c                krnl_run_queue
                0x000000004007eb90                krnl_rt_queue
                0x000000004007eb94                krnl_schedule
                0x000000004007eb98                krnl_delay_queue
 .scommon       0x000000004007eb9c        0x8 eth_enc28j60.o
                0x000000004007eb9c                last_free
                0x000000004007eba0                first_free

.reginfo        0x0000000000000000       0x18
 .reginfo       0x0000000000000000       0x18 condvar.o

.mdebug.abi32   0x0000000000000000        0x0
 .mdebug.abi32  0x0000000000000000        0x0 condvar.o
 .mdebug.abi32  0x0000000000000000        0x0 eth_enc28j60.o
 .mdebug.abi32  0x0000000000000000        0x0 hal.o
 .mdebug.abi32  0x0000000000000000        0x0 interrupt.o
 .mdebug.abi32  0x0000000000000000        0x0 kprintf.o
 .mdebug.abi32  0x0000000000000000        0x0 libc.o
 .mdebug.abi32  0x0000000000000000        0x0 main.o
 .mdebug.abi32  0x0000000000000000        0x0 malloc.o
 .mdebug.abi32  0x0000000000000000        0x0 mutex.o
 .mdebug.abi32  0x0000000000000000        0x0 panic.o
 .mdebug.abi32  0x0000000000000000        0x0 processor.o
 .mdebug.abi32  0x0000000000000000        0x0 queue.o
 .mdebug.abi32  0x0000000000000000        0x0 sched_test2.o
 .mdebug.abi32  0x0000000000000000        0x0 scheduler.o
 .mdebug.abi32  0x0000000000000000        0x0 task.o

.comment        0x0000000000000000       0x11
 .comment       0x0000000000000000       0x11 condvar.o
                                         0x12 (size before relaxing)
 .comment       0x0000000000000000       0x12 eth_enc28j60.o
 .comment       0x0000000000000000       0x12 hal.o
 .comment       0x0000000000000000       0x12 interrupt.o
 .comment       0x0000000000000000       0x12 kprintf.o
 .comment       0x0000000000000000       0x12 libc.o
 .comment       0x0000000000000000       0x12 main.o
 .comment       0x0000000000000000       0x12 malloc.o
 .comment       0x0000000000000000       0x12 mutex.o
 .comment       0x0000000000000000       0x12 panic.o
 .comment       0x0000000000000000       0x12 processor.o
 .comment       0x0000000000000000       0x12 queue.o
 .comment       0x0000000000000000       0x12 sched_test2.o
 .comment       0x0000000000000000       0x12 scheduler.o
 .comment       0x0000000000000000       0x12 task.o

.gnu.attributes
                0x0000000000000000       0x10
 .gnu.attributes
                0x0000000000000000       0x10 condvar.o
 .gnu.attributes
                0x0000000000000010       0x10 eth_enc28j60.o
 .gnu.attributes
                0x0000000000000020       0x10 hal.o
 .gnu.attributes
                0x0000000000000030       0x10 interrupt.o
 .gnu.attributes
                0x0000000000000040       0x10 kprintf.o
 .gnu.attributes
                0x0000000000000050       0x10 libc.o
 .gnu.attributes
                0x0000000000000060       0x10 main.o
 .gnu.attributes
                0x0000000000000070       0x10 malloc.o
 .gnu.attributes
                0x0000000000000080       0x10 mutex.o
 .gnu.attributes
                0x0000000000000090       0x10 panic.o
 .gnu.attributes
                0x00000000000000a0       0x10 processor.o
 .gnu.attributes
                0x00000000000000b0       0x10 queue.o
 .gnu.attributes
                0x00000000000000c0       0x10 sched_test2.o
 .gnu.attributes
                0x00000000000000d0       0x10 scheduler.o
 .gnu.attributes
                0x00000000000000e0       0x10 task.o

.pdr            0x0000000000000000        0x0
 .pdr           0x0000000000000000        0x0 eth_enc28j60.o

.scommon        0x0000000000000000        0x0
 .scommon       0x0000000000000000        0x0 hal.o
 .scommon       0x0000000000000000        0x0 interrupt.o
 .scommon       0x0000000000000000        0x0 libc.o
 .scommon       0x0000000000000000        0x0 main.o
 .scommon       0x0000000000000000        0x0 malloc.o
 .scommon       0x0000000000000000        0x0 panic.o
 .scommon       0x0000000000000000        0x0 processor.o
 .scommon       0x0000000000000000        0x0 queue.o
 .scommon       0x0000000000000000        0x0 sched_test2.o
 .scommon       0x0000000000000000        0x0 scheduler.o
 .scommon       0x0000000000000000        0x0 task.o
